train: 8209
vali: 2785
test: 2785
Epoch: 1, train_loss: 0.690, vali_loss: 0.359, best_score: 0.359, time_spend: 1.6625385284423828
Updating learning rate to 4.26322289088012e-06
Epoch: 2, train_loss: 0.677, vali_loss: 0.352, best_score: 0.352, time_spend: 1.6521859169006348
Updating learning rate to 5.050004634758723e-06
Epoch: 3, train_loss: 0.665, vali_loss: 0.342, best_score: 0.342, time_spend: 1.5001537799835205
Updating learning rate to 6.351716108089271e-06
Epoch: 4, train_loss: 0.650, vali_loss: 0.334, best_score: 0.334, time_spend: 1.5086193084716797
Updating learning rate to 8.154080633492562e-06
Epoch: 5, train_loss: 0.636, vali_loss: 0.324, best_score: 0.324, time_spend: 1.5149908065795898
Updating learning rate to 1.043733056093539e-05
Epoch: 6, train_loss: 0.618, vali_loss: 0.312, best_score: 0.312, time_spend: 1.5093960762023926
Updating learning rate to 1.317642407181347e-05
Epoch: 7, train_loss: 0.597, vali_loss: 0.298, best_score: 0.298, time_spend: 1.5163872241973877
Updating learning rate to 1.6341319828113264e-05
Epoch: 8, train_loss: 0.574, vali_loss: 0.281, best_score: 0.281, time_spend: 1.5139694213867188
Updating learning rate to 1.9897306454405326e-05
Epoch: 9, train_loss: 0.551, vali_loss: 0.265, best_score: 0.265, time_spend: 1.502492904663086
Updating learning rate to 2.3805383239035308e-05
Epoch: 10, train_loss: 0.527, vali_loss: 0.253, best_score: 0.253, time_spend: 1.489607810974121
Updating learning rate to 2.802268787912688e-05
Epoch: 11, train_loss: 0.508, vali_loss: 0.244, best_score: 0.244, time_spend: 1.5010771751403809
Updating learning rate to 3.2502966578051425e-05
Epoch: 12, train_loss: 0.489, vali_loss: 0.235, best_score: 0.235, time_spend: 1.500502586364746
Updating learning rate to 3.7197081339513985e-05
Epoch: 13, train_loss: 0.474, vali_loss: 0.229, best_score: 0.229, time_spend: 1.5414397716522217
Updating learning rate to 4.205354889444638e-05
Epoch: 14, train_loss: 0.462, vali_loss: 0.223, best_score: 0.223, time_spend: 1.4916067123413086
Updating learning rate to 4.701910534996218e-05
Epoch: 15, train_loss: 0.451, vali_loss: 0.222, best_score: 0.222, time_spend: 1.5261900424957275
Updating learning rate to 5.203929036751767e-05
Epoch: 16, train_loss: 0.442, vali_loss: 0.218, best_score: 0.218, time_spend: 1.521747350692749
Updating learning rate to 5.7059044463234734e-05
Epoch: 17, train_loss: 0.437, vali_loss: 0.217, best_score: 0.217, time_spend: 1.5845704078674316
Updating learning rate to 6.20233128794225e-05
Epoch: 18, train_loss: 0.433, vali_loss: 0.215, best_score: 0.215, time_spend: 3.5322000980377197
Updating learning rate to 6.687764940426367e-05
Epoch: 19, train_loss: 0.427, vali_loss: 0.216, best_score: 0.215, time_spend: 1.5175750255584717
Updating learning rate to 7.156881351720106e-05
Epoch: 20, train_loss: 0.423, vali_loss: 0.214, best_score: 0.214, time_spend: 1.5307698249816895
Updating learning rate to 7.604535431075961e-05
Epoch: 21, train_loss: 0.420, vali_loss: 0.214, best_score: 0.214, time_spend: 1.5446441173553467
Updating learning rate to 8.025817478457172e-05
Epoch: 22, train_loss: 0.416, vali_loss: 0.212, best_score: 0.212, time_spend: 1.4938371181488037
Updating learning rate to 8.416107032264252e-05
Epoch: 23, train_loss: 0.414, vali_loss: 0.214, best_score: 0.212, time_spend: 1.5195426940917969
Updating learning rate to 8.771123544804144e-05
Epoch: 24, train_loss: 0.412, vali_loss: 0.211, best_score: 0.211, time_spend: 1.5786550045013428
Updating learning rate to 9.086973329712644e-05
Epoch: 25, train_loss: 0.409, vali_loss: 0.212, best_score: 0.211, time_spend: 1.5488739013671875
Updating learning rate to 9.360192266428605e-05
Epoch: 26, train_loss: 0.406, vali_loss: 0.213, best_score: 0.211, time_spend: 1.5274391174316406
Updating learning rate to 9.587783793353463e-05
Epoch: 27, train_loss: 0.402, vali_loss: 0.211, best_score: 0.211, time_spend: 1.5165956020355225
Updating learning rate to 9.767251773001509e-05
Epoch: 28, train_loss: 0.398, vali_loss: 0.212, best_score: 0.211, time_spend: 1.528444766998291
Updating learning rate to 9.896627868688436e-05
Epoch: 29, train_loss: 0.397, vali_loss: 0.214, best_score: 0.211, time_spend: 1.5084254741668701
Updating learning rate to 9.974493132501015e-05
Epoch: 30, train_loss: 0.392, vali_loss: 0.213, best_score: 0.211, time_spend: 1.5223278999328613
Updating learning rate to 9.999998770631813e-05
Epoch: 31, train_loss: 0.393, vali_loss: 0.215, best_score: 0.211, time_spend: 1.5239522457122803
Updating learning rate to 9.994806818413501e-05
Epoch: 32, train_loss: 0.388, vali_loss: 0.213, best_score: 0.211, time_spend: 1.5064876079559326
Updating learning rate to 9.97955603026227e-05
Epoch: 33, train_loss: 0.386, vali_loss: 0.214, best_score: 0.211, time_spend: 1.4732983112335205
Updating learning rate to 9.954277119235838e-05
Epoch: 34, train_loss: 0.384, vali_loss: 0.216, best_score: 0.211, time_spend: 1.4988925457000732
Updating learning rate to 9.919020993696827e-05
Epoch: 35, train_loss: 0.384, vali_loss: 0.217, best_score: 0.211, time_spend: 1.518972635269165
Updating learning rate to 9.873858654790098e-05
Epoch: 36, train_loss: 0.381, vali_loss: 0.215, best_score: 0.211, time_spend: 1.4901587963104248
Updating learning rate to 9.818881053455884e-05
Epoch: 37, train_loss: 0.380, vali_loss: 0.214, best_score: 0.211, time_spend: 1.4600334167480469
Updating learning rate to 9.754198907266709e-05
Epoch: 38, train_loss: 0.377, vali_loss: 0.219, best_score: 0.211, time_spend: 1.4932630062103271
Updating learning rate to 9.679942477456928e-05
Epoch: 39, train_loss: 0.377, vali_loss: 0.216, best_score: 0.211, time_spend: 4.480554819107056
Updating learning rate to 9.596261306593936e-05
Epoch: 40, train_loss: 0.375, vali_loss: 0.217, best_score: 0.211, time_spend: 1.6586015224456787
Updating learning rate to 9.503323917419345e-05
Epoch: 41, train_loss: 0.373, vali_loss: 0.214, best_score: 0.211, time_spend: 1.6444759368896484
Updating learning rate to 9.401317473466594e-05
Epoch: 42, train_loss: 0.371, vali_loss: 0.218, best_score: 0.211, time_spend: 1.6862609386444092
Updating learning rate to 9.290447402138523e-05
Epoch: 43, train_loss: 0.370, vali_loss: 0.221, best_score: 0.211, time_spend: 1.6711666584014893
Updating learning rate to 9.170936981003904e-05
Epoch: 44, train_loss: 0.367, vali_loss: 0.217, best_score: 0.211, time_spend: 1.5684940814971924
Updating learning rate to 9.043026888146141e-05
Epoch: 45, train_loss: 0.367, vali_loss: 0.222, best_score: 0.211, time_spend: 1.4530339241027832
Updating learning rate to 8.906974717469639e-05
early stopped with best_mse:0.211
test_mse:0.275, test_mae: 0.337
