train: 8113
vali: 2689
test: 2689
Epoch: 1, train_loss: 0.748, vali_loss: 0.413, best_score: 0.413, time_spend: 1.5605463981628418
Updating learning rate to 4.263227241448108e-06
Epoch: 2, train_loss: 0.737, vali_loss: 0.406, best_score: 0.406, time_spend: 1.5031132698059082
Updating learning rate to 5.050021941599065e-06
Epoch: 3, train_loss: 0.727, vali_loss: 0.398, best_score: 0.398, time_spend: 1.485398769378662
Updating learning rate to 6.351754692181762e-06
Epoch: 4, train_loss: 0.715, vali_loss: 0.389, best_score: 0.389, time_spend: 1.5290424823760986
Updating learning rate to 8.154148346486262e-06
Epoch: 5, train_loss: 0.699, vali_loss: 0.378, best_score: 0.378, time_spend: 1.5004305839538574
Updating learning rate to 1.0437434608278153e-05
Epoch: 6, train_loss: 0.686, vali_loss: 0.366, best_score: 0.366, time_spend: 1.4929614067077637
Updating learning rate to 1.3176570846552086e-05
Epoch: 7, train_loss: 0.670, vali_loss: 0.353, best_score: 0.353, time_spend: 1.5331065654754639
Updating learning rate to 1.634151475814343e-05
Epoch: 8, train_loss: 0.650, vali_loss: 0.339, best_score: 0.339, time_spend: 1.50638747215271
Updating learning rate to 1.989755386575277e-05
Epoch: 9, train_loss: 0.629, vali_loss: 0.325, best_score: 0.325, time_spend: 1.4941213130950928
Updating learning rate to 2.380568623751437e-05
Epoch: 10, train_loss: 0.611, vali_loss: 0.313, best_score: 0.313, time_spend: 1.5163357257843018
Updating learning rate to 2.802304825245185e-05
Epoch: 11, train_loss: 0.594, vali_loss: 0.304, best_score: 0.304, time_spend: 1.5271575450897217
Updating learning rate to 3.25033847201744e-05
Epoch: 12, train_loss: 0.580, vali_loss: 0.297, best_score: 0.297, time_spend: 1.6911406517028809
Updating learning rate to 3.719755619863376e-05
Epoch: 13, train_loss: 0.569, vali_loss: 0.292, best_score: 0.292, time_spend: 1.5188558101654053
Updating learning rate to 4.205407794578161e-05
Epoch: 14, train_loss: 0.557, vali_loss: 0.289, best_score: 0.289, time_spend: 1.5081398487091064
Updating learning rate to 4.7019684594012384e-05
Epoch: 15, train_loss: 0.550, vali_loss: 0.285, best_score: 0.285, time_spend: 3.4747605323791504
Updating learning rate to 5.203991435415397e-05
Epoch: 16, train_loss: 0.542, vali_loss: 0.284, best_score: 0.284, time_spend: 1.513049602508545
Updating learning rate to 5.705970634157313e-05
Epoch: 17, train_loss: 0.537, vali_loss: 0.283, best_score: 0.283, time_spend: 1.640887975692749
Updating learning rate to 6.202400447304105e-05
Epoch: 18, train_loss: 0.528, vali_loss: 0.283, best_score: 0.283, time_spend: 1.500535488128662
Updating learning rate to 6.687836131093806e-05
Epoch: 19, train_loss: 0.528, vali_loss: 0.281, best_score: 0.281, time_spend: 1.494459629058838
Updating learning rate to 7.156953523195396e-05
Epoch: 20, train_loss: 0.522, vali_loss: 0.279, best_score: 0.279, time_spend: 1.504401445388794
Updating learning rate to 7.604607437065617e-05
Epoch: 21, train_loss: 0.519, vali_loss: 0.278, best_score: 0.278, time_spend: 1.5236377716064453
Updating learning rate to 8.025888093334822e-05
Epoch: 22, train_loss: 0.513, vali_loss: 0.279, best_score: 0.278, time_spend: 1.5553555488586426
Updating learning rate to 8.41617496929363e-05
Epoch: 23, train_loss: 0.508, vali_loss: 0.278, best_score: 0.278, time_spend: 1.490067481994629
Updating learning rate to 8.77118747586987e-05
Epoch: 24, train_loss: 0.503, vali_loss: 0.280, best_score: 0.278, time_spend: 1.489577054977417
Updating learning rate to 9.087031906280808e-05
Epoch: 25, train_loss: 0.500, vali_loss: 0.280, best_score: 0.278, time_spend: 1.503464698791504
Updating learning rate to 9.36024414143712e-05
Epoch: 26, train_loss: 0.497, vali_loss: 0.279, best_score: 0.278, time_spend: 1.4900398254394531
Updating learning rate to 9.587827643714217e-05
Epoch: 27, train_loss: 0.493, vali_loss: 0.280, best_score: 0.278, time_spend: 1.5118482112884521
Updating learning rate to 9.76728632238279e-05
Epoch: 28, train_loss: 0.491, vali_loss: 0.282, best_score: 0.278, time_spend: 1.5209567546844482
Updating learning rate to 9.89665191023701e-05
Epoch: 29, train_loss: 0.487, vali_loss: 0.278, best_score: 0.278, time_spend: 1.5235772132873535
Updating learning rate to 9.974505551158994e-05
Epoch: 30, train_loss: 0.486, vali_loss: 0.281, best_score: 0.278, time_spend: 1.534240961074829
Updating learning rate to 9.99999873129451e-05
Epoch: 31, train_loss: 0.483, vali_loss: 0.279, best_score: 0.278, time_spend: 1.4701623916625977
Updating learning rate to 9.99480428219081e-05
Epoch: 32, train_loss: 0.481, vali_loss: 0.279, best_score: 0.278, time_spend: 1.5303854942321777
Updating learning rate to 9.979551002261801e-05
Epoch: 33, train_loss: 0.480, vali_loss: 0.279, best_score: 0.278, time_spend: 1.5018362998962402
Updating learning rate to 9.954269609583317e-05
Epoch: 34, train_loss: 0.479, vali_loss: 0.279, best_score: 0.278, time_spend: 1.4730148315429688
Updating learning rate to 9.919011017515697e-05
Epoch: 35, train_loss: 0.474, vali_loss: 0.279, best_score: 0.278, time_spend: 1.5472068786621094
Updating learning rate to 9.873846232171057e-05
Epoch: 36, train_loss: 0.475, vali_loss: 0.278, best_score: 0.278, time_spend: 4.508622884750366
Updating learning rate to 9.818866209416434e-05
Epoch: 37, train_loss: 0.473, vali_loss: 0.278, best_score: 0.278, time_spend: 1.561774492263794
Updating learning rate to 9.754181671700771e-05
Epoch: 38, train_loss: 0.472, vali_loss: 0.280, best_score: 0.278, time_spend: 1.5901877880096436
Updating learning rate to 9.679922885074637e-05
Epoch: 39, train_loss: 0.471, vali_loss: 0.276, best_score: 0.276, time_spend: 1.6198527812957764
Updating learning rate to 9.596239396851744e-05
Epoch: 40, train_loss: 0.468, vali_loss: 0.283, best_score: 0.276, time_spend: 1.6698060035705566
Updating learning rate to 9.503299734440554e-05
Epoch: 41, train_loss: 0.466, vali_loss: 0.281, best_score: 0.276, time_spend: 1.5616381168365479
Updating learning rate to 9.401291065952509e-05
Epoch: 42, train_loss: 0.466, vali_loss: 0.281, best_score: 0.276, time_spend: 1.5128307342529297
Updating learning rate to 9.29041882327036e-05
Epoch: 43, train_loss: 0.465, vali_loss: 0.280, best_score: 0.276, time_spend: 1.484224557876587
Updating learning rate to 9.170906288335701e-05
Epoch: 44, train_loss: 0.464, vali_loss: 0.278, best_score: 0.276, time_spend: 1.5380094051361084
Updating learning rate to 9.042994143488847e-05
Epoch: 45, train_loss: 0.463, vali_loss: 0.278, best_score: 0.276, time_spend: 1.4780206680297852
Updating learning rate to 8.906939986766637e-05
Epoch: 46, train_loss: 0.463, vali_loss: 0.277, best_score: 0.276, time_spend: 1.5256755352020264
Updating learning rate to 8.763017813134263e-05
Epoch: 47, train_loss: 0.459, vali_loss: 0.276, best_score: 0.276, time_spend: 1.4846813678741455
Updating learning rate to 8.611517462695879e-05
Epoch: 48, train_loss: 0.459, vali_loss: 0.276, best_score: 0.276, time_spend: 1.5114545822143555
Updating learning rate to 8.452744036995204e-05
Epoch: 49, train_loss: 0.459, vali_loss: 0.278, best_score: 0.276, time_spend: 1.5203266143798828
Updating learning rate to 8.287017284581614e-05
Epoch: 50, train_loss: 0.455, vali_loss: 0.279, best_score: 0.276, time_spend: 1.562579870223999
Updating learning rate to 8.114670957079116e-05
Epoch: 51, train_loss: 0.455, vali_loss: 0.278, best_score: 0.276, time_spend: 1.5070714950561523
Updating learning rate to 7.936052137055002e-05
Epoch: 52, train_loss: 0.454, vali_loss: 0.278, best_score: 0.276, time_spend: 1.506117820739746
Updating learning rate to 7.751520539041734e-05
Epoch: 53, train_loss: 0.453, vali_loss: 0.277, best_score: 0.276, time_spend: 1.5165183544158936
Updating learning rate to 7.561447785119763e-05
Epoch: 54, train_loss: 0.449, vali_loss: 0.280, best_score: 0.276, time_spend: 1.5491669178009033
Updating learning rate to 7.366216656520103e-05
Epoch: 55, train_loss: 0.451, vali_loss: 0.276, best_score: 0.276, time_spend: 1.4926702976226807
Updating learning rate to 7.166220322753886e-05
Epoch: 56, train_loss: 0.449, vali_loss: 0.276, best_score: 0.276, time_spend: 1.507483720779419
Updating learning rate to 6.961861549821276e-05
Epoch: 57, train_loss: 0.448, vali_loss: 0.278, best_score: 0.276, time_spend: 1.612428903579712
Updating learning rate to 6.753551889094361e-05
early stopped with best_mse:0.276
test_mse:0.349, test_mae: 0.385
